// Jest Snapshot v1, https://goo.gl/fbAQLP

exports[`optimize should not use default config file: result 1`] = `
"<template><svg xmlns=\\"http://www.w3.org/2000/svg\\" viewBox=\\"0 0 100 100\\" width=\\"100\\" height=\\"100\\"><circle cx=\\"50\\" cy=\\"50\\" r=\\"50\\" fill=\\"#00f\\"/></svg></template>
"
`;

exports[`optimize should use custom config file: result 1`] = `
"<template><svg xmlns=\\"http://www.w3.org/2000/svg\\" viewBox=\\"0 0 100 100\\" width=\\"100\\" height=\\"100\\">
    <circle cx=\\"50\\" cy=\\"50\\" r=\\"50\\" fill=\\"#00f\\"/>
</svg>
</template>
"
`;

exports[`optimize should use default config file: result 1`] = `
"<template><svg xmlns=\\"http://www.w3.org/2000/svg\\" viewBox=\\"0 0 100 100\\" width=\\"100\\" height=\\"100\\">
  <circle cx=\\"50\\" cy=\\"50\\" r=\\"50\\" fill=\\"#00f\\"/>
</svg>
</template>
"
`;
